2025/07/15 08:23:36 [emerg] 1#1: unexpected "}" in /etc/nginx/conf.d/default.conf:259
2025/07/15 08:23:38 [emerg] 1#1: unexpected "}" in /etc/nginx/conf.d/default.conf:259
2025/07/15 08:23:39 [emerg] 1#1: unexpected "}" in /etc/nginx/conf.d/default.conf:259
2025/07/15 08:23:40 [emerg] 1#1: unexpected "}" in /etc/nginx/conf.d/default.conf:259
2025/07/15 08:23:42 [emerg] 1#1: unexpected "}" in /etc/nginx/conf.d/default.conf:259
2025/07/15 08:23:44 [emerg] 1#1: unexpected "}" in /etc/nginx/conf.d/default.conf:259
2025/07/15 08:23:48 [emerg] 1#1: unexpected "}" in /etc/nginx/conf.d/default.conf:259
2025/07/15 08:23:55 [emerg] 1#1: unexpected "}" in /etc/nginx/conf.d/default.conf:259
2025/07/15 08:24:09 [emerg] 1#1: unexpected "}" in /etc/nginx/conf.d/default.conf:259
2025/07/15 08:24:35 [emerg] 1#1: unexpected "}" in /etc/nginx/conf.d/default.conf:259
2025/07/15 08:25:28 [emerg] 1#1: unexpected "}" in /etc/nginx/conf.d/default.conf:259
2025/07/15 08:26:29 [emerg] 1#1: unexpected "}" in /etc/nginx/conf.d/default.conf:259
2025/07/15 08:27:30 [emerg] 1#1: unexpected "}" in /etc/nginx/conf.d/default.conf:259
2025/07/15 08:28:30 [emerg] 1#1: unexpected "}" in /etc/nginx/conf.d/default.conf:259
2025/07/15 08:29:32 [emerg] 1#1: unexpected "}" in /etc/nginx/conf.d/default.conf:259
2025/07/15 08:30:22 [emerg] 1#1: unexpected "}" in /etc/nginx/conf.d/default.conf:259
2025/07/15 08:30:23 [emerg] 1#1: unexpected "}" in /etc/nginx/conf.d/default.conf:259
2025/07/15 08:30:24 [emerg] 1#1: unexpected "}" in /etc/nginx/conf.d/default.conf:259
2025/07/15 08:30:26 [emerg] 1#1: unexpected "}" in /etc/nginx/conf.d/default.conf:259
2025/07/15 08:30:27 [emerg] 1#1: unexpected "}" in /etc/nginx/conf.d/default.conf:259
2025/07/15 08:30:30 [emerg] 1#1: unexpected "}" in /etc/nginx/conf.d/default.conf:259
2025/07/15 08:30:34 [emerg] 1#1: unexpected "}" in /etc/nginx/conf.d/default.conf:259
2025/07/15 08:35:42 [emerg] 1#1: unexpected "}" in /etc/nginx/conf.d/default.conf:259
2025/07/15 08:35:43 [emerg] 1#1: unexpected "}" in /etc/nginx/conf.d/default.conf:259
2025/07/15 08:35:44 [emerg] 1#1: unexpected "}" in /etc/nginx/conf.d/default.conf:259
2025/07/15 08:35:45 [emerg] 1#1: unexpected "}" in /etc/nginx/conf.d/default.conf:259
2025/07/15 08:35:47 [emerg] 1#1: unexpected "}" in /etc/nginx/conf.d/default.conf:259
2025/07/15 08:35:49 [emerg] 1#1: unexpected "}" in /etc/nginx/conf.d/default.conf:259
2025/07/15 08:35:54 [emerg] 1#1: unexpected "}" in /etc/nginx/conf.d/default.conf:259
2025/07/15 10:45:25 [emerg] 1#1: unexpected "}" in /etc/nginx/conf.d/default.conf:259
2025/07/15 10:45:26 [emerg] 1#1: unexpected "}" in /etc/nginx/conf.d/default.conf:259
2025/07/15 10:45:27 [emerg] 1#1: unexpected "}" in /etc/nginx/conf.d/default.conf:259
2025/07/15 10:45:28 [emerg] 1#1: unexpected "}" in /etc/nginx/conf.d/default.conf:259
2025/07/15 10:45:30 [emerg] 1#1: unexpected "}" in /etc/nginx/conf.d/default.conf:259
2025/07/15 10:45:33 [emerg] 1#1: unexpected "}" in /etc/nginx/conf.d/default.conf:259
2025/07/15 10:46:22 [notice] 1#1: using the "epoll" event method
2025/07/15 10:46:22 [notice] 1#1: nginx/1.21.0
2025/07/15 10:46:22 [notice] 1#1: built by gcc 10.2.1 20201203 (Alpine 10.2.1_pre1) 
2025/07/15 10:46:22 [notice] 1#1: OS: Linux 6.11.0-29-generic
2025/07/15 10:46:22 [notice] 1#1: getrlimit(RLIMIT_NOFILE): 1048576:1048576
2025/07/15 10:46:22 [notice] 1#1: start worker processes
2025/07/15 10:46:22 [notice] 1#1: start worker process 31
2025/07/15 10:50:17 [notice] 1#1: signal 3 (SIGQUIT) received, shutting down
2025/07/15 10:50:17 [notice] 31#31: gracefully shutting down
2025/07/15 10:50:17 [notice] 31#31: exiting
2025/07/15 10:50:17 [notice] 31#31: exit
2025/07/15 10:50:17 [notice] 1#1: signal 17 (SIGCHLD) received from 31
2025/07/15 10:50:17 [notice] 1#1: worker process 31 exited with code 0
2025/07/15 10:50:17 [notice] 1#1: exit
